// Jest Snapshot v1, https://goo.gl/fbAQLP

exports[`LoginOrSignupScreen renders correctly 1`] = `
<View
  behavior="padding"
  style={
    {
      "alignItems": "center",
      "flex": 1,
      "justifyContent": "center",
    }
  }
>
  <View
    accessibilityIgnoresInvertColors={true}
    style={
      {
        "alignItems": "center",
        "flex": 1,
        "justifyContent": "center",
        "width": "100%",
      }
    }
  >
    <Image
      source={
        {
          "testUri": "../../../assets/mainBackground.png",
        }
      }
      style={
        [
          {
            "bottom": 0,
            "left": 0,
            "position": "absolute",
            "right": 0,
            "top": 0,
          },
          {
            "height": undefined,
            "width": "100%",
          },
          undefined,
        ]
      }
    />
    <View
      style={
        {
          "alignItems": "center",
          "justifyContent": "center",
        }
      }
    >
      <Image
        source={
          {
            "testUri": "../../../assets/AppLogo.png",
          }
        }
        style={
          {
            "height": 92,
            "width": 92,
          }
        }
      />
      <View
        style={
          {
            "height": 16,
          }
        }
      />
      <Image
        resizeMode="center"
        source={
          {
            "testUri": "../../../assets/persons.png",
          }
        }
        style={
          {
            "height": 92,
          }
        }
      />
      <View
        style={
          {
            "height": 32,
          }
        }
      />
      <View
        style={
          {
            "height": 32,
          }
        }
      />
    </View>
    <View
      style={
        {
          "height": 64,
        }
      }
    />
    <View
      style={
        {
          "alignItems": "flex-start",
          "backgroundColor": "white",
          "borderRadius": 20,
          "display": "flex",
          "padding": 20,
          "width": "80%",
        }
      }
    >
      <View
        style={
          {
            "alignContent": "center",
            "marginTop": 20,
            "width": "100%",
          }
        }
      >
        <Text
          style={
            {
              "fontSize": 20,
              "fontWeight": "bold",
              "textAlign": "center",
            }
          }
        >
          Login or Sign Up
        </Text>
        <View
          style={
            {
              "height": 8,
            }
          }
        />
        <Text
          style={
            {
              "fontSize": 14,
              "fontWeight": "300",
              "textAlign": "center",
            }
          }
        >
          Login or create an account to take quiz, take part in challenge, and more.
        </Text>
      </View>
      <View
        style={
          {
            "height": 16,
          }
        }
      />
      <View
        style={
          {
            "alignContent": "center",
            "marginTop": 20,
            "width": "100%",
          }
        }
      >
        <View
          accessible={true}
          collapsable={false}
          focusable={true}
          onClick={[Function]}
          onResponderGrant={[Function]}
          onResponderMove={[Function]}
          onResponderRelease={[Function]}
          onResponderTerminate={[Function]}
          onResponderTerminationRequest={[Function]}
          onStartShouldSetResponder={[Function]}
          style={
            {
              "alignItems": "center",
              "backgroundColor": "#F16956",
              "borderRadius": 20,
              "opacity": 1,
              "padding": 15,
              "width": "100%",
            }
          }
          testID="login-button"
        >
          <Text
            style={
              {
                "color": "white",
                "fontSize": 16,
                "fontWeight": "800",
              }
            }
          >
            Login
          </Text>
        </View>
      </View>
      <View
        style={
          {
            "alignContent": "center",
            "marginTop": 20,
            "width": "100%",
          }
        }
      >
        <View
          accessible={true}
          collapsable={false}
          focusable={true}
          onClick={[Function]}
          onResponderGrant={[Function]}
          onResponderMove={[Function]}
          onResponderRelease={[Function]}
          onResponderTerminate={[Function]}
          onResponderTerminationRequest={[Function]}
          onStartShouldSetResponder={[Function]}
          style={
            {
              "alignItems": "center",
              "backgroundColor": "#E6E6E6",
              "borderRadius": 20,
              "marginTop": 5,
              "opacity": 1,
              "padding": 15,
              "width": "100%",
            }
          }
          testID="register-button"
        >
          <Text
            style={
              {
                "color": "rgb(241, 105, 86)",
                "fontSize": 16,
                "fontWeight": "800",
              }
            }
          >
            Create an account
          </Text>
        </View>
      </View>
    </View>
  </View>
</View>
`;
